2021-10-12 12:01:12,404 - hi every one home page
2021-10-12 12:01:12,439 - 127.0.0.1 - - [12/Oct/2021 12:01:12] "GET / HTTP/1.1" 200 -
2021-10-12 12:01:12,487 - 127.0.0.1 - - [12/Oct/2021 12:01:12] "[36mGET /static/css/homepage.css HTTP/1.1[0m" 304 -
2021-10-12 12:01:12,499 - 127.0.0.1 - - [12/Oct/2021 12:01:12] "[36mGET /static/images/img/edu1.jpg HTTP/1.1[0m" 304 -
2021-10-12 12:01:12,525 - 127.0.0.1 - - [12/Oct/2021 12:01:12] "[36mGET /static/images/img/city1.jpg HTTP/1.1[0m" 304 -
